>OPLOG                                                                          
   1 - [26/08/23 17:50:14] (SIGNAL:00) [  PNL ] EMERGENCY STOP                  
   2 - [26/08/23 17:50:14] (SIGNAL:00) [  PNL ] RUN->HOLD                       
   3 - [26/08/23 17:50:06] (SIGNAL:00) [  PNL ] PROGRAM RESET                   
   4 - [26/08/23 17:50:06] (SIGNAL:00) [  PNL ] Control Power ON                
   5 - [26/08/21 22:59:53] (SIGNAL:00) [  PNL ] ERROR RESET                     
   6 - [26/08/21 22:59:51] (SIGNAL:00) [  PNL ] PROGRAM RESET                   
   7 - [26/08/21 22:48:15] (SIGNAL:00) [  PNL ] CYCLE START                     
   8 - [26/08/21 22:48:14] (SIGNAL:00) [  PNL ] CYCLE START                     
   9 - [26/08/21 22:48:14] (SIGNAL:00) [  PNL ] CYCLE START                     
  10 - [26/08/21 22:48:14] (SIGNAL:00) [  PNL ] TEACH->REPEAT                   
  11 - [26/08/21 22:48:14] (SIGNAL:00) [  PNL ] CYCLE START                     
  12 - [26/08/21 22:48:14] (SIGNAL:00) [  PNL ] CYCLE START                     
  13 - [26/08/21 22:48:14] (SIGNAL:00) [  PNL ] CYCLE START                     
  14 - [26/08/21 22:48:14] (SIGNAL:00) [  PNL ] CYCLE START                     
  15 - [26/08/21 22:48:14] (SIGNAL:00) [  PNL ] CYCLE START                     
  16 - [26/08/21 22:48:13] (SIGNAL:00) [  PNL ] CYCLE START                     
  17 - [26/08/21 22:48:13] (SIGNAL:00) [  PNL ] CYCLE START                     
  18 - [26/08/21 22:48:13] (SIGNAL:00) [  PNL ] CYCLE START                     
  19 - [26/08/21 22:48:13] (SIGNAL:00) [  PNL ] CYCLE START                     
  20 - [26/08/21 22:48:13] (SIGNAL:00) [  PNL ] CYCLE START                     
  21 - [26/08/21 22:48:13] (SIGNAL:00) [  PNL ] CYCLE START                     
  22 - [26/08/21 22:48:12] (SIGNAL:00) [  PNL ] CYCLE START                     
  23 - [26/08/21 22:48:12] (SIGNAL:00) [  PNL ] CYCLE START                     
Press SPACE key to continue.                                                    
>OPLOG                                                                          
   1 - [26/08/23 17:50:14] (SIGNAL:00) [  PNL ] EMERGENCY STOP                  
   2 - [26/08/23 17:50:14] (SIGNAL:00) [  PNL ] RUN->HOLD                       
   3 - [26/08/23 17:50:06] (SIGNAL:00) [  PNL ] PROGRAM RESET                   
   4 - [26/08/23 17:50:06] (SIGNAL:00) [  PNL ] Control Power ON                
   5 - [26/08/21 22:59:53] (SIGNAL:00) [  PNL ] ERROR RESET                     
   6 - [26/08/21 22:59:51] (SIGNAL:00) [  PNL ] PROGRAM RESET                   
   7 - [26/08/21 22:48:15] (SIGNAL:00) [  PNL ] CYCLE START                     
   8 - [26/08/21 22:48:14] (SIGNAL:00) [  PNL ] CYCLE START                     
   9 - [26/08/21 22:48:14] (SIGNAL:00) [  PNL ] CYCLE START                     
  10 - [26/08/21 22:48:14] (SIGNAL:00) [  PNL ] TEACH->REPEAT                   
  11 - [26/08/21 22:48:14] (SIGNAL:00) [  PNL ] CYCLE START                     
  12 - [26/08/21 22:48:14] (SIGNAL:00) [  PNL ] CYCLE START                     
  13 - [26/08/21 22:48:14] (SIGNAL:00) [  PNL ] CYCLE START                     
  14 - [26/08/21 22:48:14] (SIGNAL:00) [  PNL ] CYCLE START                     
  15 - [26/08/21 22:48:14] (SIGNAL:00) [  PNL ] CYCLE START                     
  16 - [26/08/21 22:48:13] (SIGNAL:00) [  PNL ] CYCLE START                     
  17 - [26/08/21 22:48:13] (SIGNAL:00) [  PNL ] CYCLE START                     
  18 - [26/08/21 22:48:13] (SIGNAL:00) [  PNL ] CYCLE START                     
  19 - [26/08/21 22:48:13] (SIGNAL:00) [  PNL ] CYCLE START                     
  20 - [26/08/21 22:48:13] (SIGNAL:00) [  PNL ] CYCLE START                     
  21 - [26/08/21 22:48:13] (SIGNAL:00) [  PNL ] CYCLE START                     
  22 - [26/08/21 22:48:12] (SIGNAL:00) [  PNL ] CYCLE START                     
  23 - [26/08/21 22:48:12] (SIGNAL:00) [  PNL ] CYCLE START                     
Press SPACE key to continue.                                                    
  24 - [26/08/21 22:48:12] (SIGNAL:00) [  PNL ] CYCLE START                     
  25 - [26/08/21 22:48:12] (SIGNAL:00) [  PNL ] CYCLE START                     
  26 - [26/08/21 22:48:12] (SIGNAL:00) [  PNL ] CYCLE START                     
  27 - [26/08/21 22:48:11] (SIGNAL:00) [  PNL ] CYCLE START                     
  28 - [26/08/21 22:48:11] (SIGNAL:00) [  PNL ] CYCLE START                     
  29 - [26/08/21 22:48:11] (SIGNAL:00) [  PNL ] CYCLE START                     
  30 - [26/08/21 22:48:11] (SIGNAL:00) [  PNL ] CYCLE START                     
  31 - [26/08/21 22:48:10] (SIGNAL:00) [  PNL ] CYCLE START                     
  32 - [26/08/21 22:48:10] (SIGNAL:00) [  PNL ] CYCLE START                     
  33 - [26/08/21 22:48:10] (SIGNAL:00) [  PNL ] CYCLE START                     
  34 - [26/08/21 22:48:10] (SIGNAL:00) [  PNL ] CYCLE START                     
  35 - [26/08/21 22:48:10] (SIGNAL:00) [  PNL ] CYCLE START                     
  36 - [26/08/21 22:48:10] (SIGNAL:00) [  PNL ] CYCLE START                     
  37 - [26/08/21 22:48:10] (SIGNAL:00) [  PNL ] CYCLE START                     
  38 - [26/08/21 22:48:09] (SIGNAL:00) [  PNL ] CYCLE START                     
  39 - [26/08/21 22:48:09] (SIGNAL:00) [  PNL ] CYCLE START                     
  40 - [26/08/21 22:48:09] (SIGNAL:00) [  PNL ] CYCLE START                     
  41 - [26/08/21 22:48:09] (SIGNAL:00) [  PNL ] CYCLE START                     
  42 - [26/08/21 22:48:09] (SIGNAL:00) [  PNL ] CYCLE START                     
  43 - [26/08/21 22:48:09] (SIGNAL:00) [  PNL ] CYCLE START                     
  44 - [26/08/21 22:48:08] (SIGNAL:00) [  PNL ] CYCLE START                     
  45 - [26/08/21 22:48:08] (SIGNAL:00) [  PNL ] CYCLE START                     
  46 - [26/08/21 22:48:08] (SIGNAL:00) [  PNL ] CYCLE START                     
Press SPACE key to continue.                                                    
  47 - [26/08/21 22:48:08] (SIGNAL:00) [  PNL ] CYCLE START                     
  48 - [26/08/21 22:48:08] (SIGNAL:00) [  PNL ] CYCLE START                     
  49 - [26/08/21 22:48:07] (SIGNAL:00) [  PNL ] CYCLE START                     
  50 - [26/08/21 22:48:07] (SIGNAL:00) [  PNL ] CYCLE START                     
  51 - [26/08/21 22:48:07] (SIGNAL:00) [  PNL ] CYCLE START                     
  52 - [26/08/21 22:48:07] (SIGNAL:00) [  PNL ] CYCLE START                     
  53 - [26/08/21 22:48:07] (SIGNAL:00) [  PNL ] CYCLE START                     
  54 - [26/08/21 22:48:07] (SIGNAL:00) [  PNL ] CYCLE START                     
  55 - [26/08/21 22:48:06] (SIGNAL:00) [  PNL ] CYCLE START                     
  56 - [26/08/21 22:48:06] (SIGNAL:00) [  PNL ] CYCLE START                     
  57 - [26/08/21 22:48:06] (SIGNAL:00) [  PNL ] CYCLE START                     
  58 - [26/08/21 22:48:06] (SIGNAL:00) [  PNL ] CYCLE START                     
  59 - [26/08/21 22:48:06] (SIGNAL:00) [  PNL ] CYCLE START                     
  60 - [26/08/21 22:48:06] (SIGNAL:00) [  PNL ] CYCLE START                     
  61 - [26/08/21 22:48:06] (SIGNAL:00) [  PNL ] CYCLE START                     
  62 - [26/08/21 22:48:05] (SIGNAL:00) [  PNL ] CYCLE START                     
  63 - [26/08/21 22:48:05] (SIGNAL:00) [  PNL ] CYCLE START                     
  64 - [26/08/21 22:48:05] (SIGNAL:00) [  PNL ] CYCLE START                     
  65 - [26/08/21 22:48:05] (SIGNAL:00) [  PNL ] CYCLE START                     
  66 - [26/08/21 22:48:05] (SIGNAL:00) [  PNL ] CYCLE START                     
  67 - [26/08/21 22:48:04] (SIGNAL:00) [  PNL ] CYCLE START                     
  68 - [26/08/21 22:48:04] (SIGNAL:00) [  PNL ] CYCLE START                     
  69 - [26/08/21 22:48:04] (SIGNAL:00) [  PNL ] CYCLE START                     
Press SPACE key to continue.                                                    
  70 - [26/08/21 22:48:04] (SIGNAL:00) [  PNL ] CYCLE START                     
  71 - [26/08/21 22:48:04] (SIGNAL:00) [  PNL ] CYCLE START                     
  72 - [26/08/21 22:48:03] (SIGNAL:00) [  PNL ] CYCLE START                     
  73 - [26/08/21 22:48:03] (SIGNAL:00) [  PNL ] CYCLE START                     
  74 - [26/08/21 22:48:03] (SIGNAL:00) [  PNL ] CYCLE START                     
  75 - [26/08/21 22:48:03] (SIGNAL:00) [  PNL ] CYCLE START                     
  76 - [26/08/21 22:48:03] (SIGNAL:00) [  PNL ] CYCLE START                     
  77 - [26/08/21 22:48:02] (SIGNAL:00) [  PNL ] CYCLE START                     
  78 - [26/08/21 22:48:02] (SIGNAL:00) [  PNL ] CYCLE START                     
  79 - [26/08/21 22:48:02] (SIGNAL:00) [  PNL ] CYCLE START                     
  80 - [26/08/21 22:48:02] (SIGNAL:00) [  PNL ] CYCLE START                     
  81 - [26/08/21 22:48:02] (SIGNAL:00) [  PNL ] CYCLE START                     
  82 - [26/08/21 22:48:02] (SIGNAL:00) [  PNL ] CYCLE START                     
  83 - [26/08/21 22:48:01] (SIGNAL:00) [  PNL ] CYCLE START                     
  84 - [26/08/21 22:48:01] (SIGNAL:00) [  PNL ] CYCLE START                     
  85 - [26/08/21 22:48:01] (SIGNAL:00) [  PNL ] CYCLE START                     
  86 - [26/08/21 22:48:01] (SIGNAL:00) [  PNL ] CYCLE START                     
  87 - [26/08/21 22:48:01] (SIGNAL:00) [  PNL ] CYCLE START                     
  88 - [26/08/21 22:48:01] (SIGNAL:00) [  PNL ] CYCLE START                     
  89 - [26/08/21 22:48:00] (SIGNAL:00) [  PNL ] CYCLE START                     
  90 - [26/08/21 22:48:00] (SIGNAL:00) [  PNL ] CYCLE START                     
  91 - [26/08/21 22:48:00] (SIGNAL:00) [  PNL ] CYCLE START                     
  92 - [26/08/21 22:48:00] (SIGNAL:00) [  PNL ] CYCLE START                     
Press SPACE key to continue.                                                    
  93 - [26/08/21 22:48:00] (SIGNAL:00) [  PNL ] CYCLE START                     
  94 - [26/08/21 22:47:59] (SIGNAL:00) [  PNL ] CYCLE START                     
  95 - [26/08/21 22:47:59] (SIGNAL:00) [  PNL ] CYCLE START                     
  96 - [26/08/21 22:47:59] (SIGNAL:00) [  PNL ] CYCLE START                     
  97 - [26/08/21 22:47:59] (SIGNAL:00) [  PNL ] CYCLE START                     
  98 - [26/08/21 22:47:58] (SIGNAL:00) [  PNL ] CYCLE START                     
  99 - [26/08/21 22:47:58] (SIGNAL:00) [  PNL ] CYCLE START                     
 100 - [26/08/21 22:47:58] (SIGNAL:00) [  PNL ] CYCLE START                     
 101 - [26/08/21 22:47:58] (SIGNAL:00) [  PNL ] CYCLE START                     
 102 - [26/08/21 22:47:58] (SIGNAL:00) [  PNL ] CYCLE START                     
 103 - [26/08/21 22:47:58] (SIGNAL:00) [  PNL ] CYCLE START                     
 104 - [26/08/21 22:47:58] (SIGNAL:00) [  PNL ] CYCLE START                     
 105 - [26/08/21 22:47:57] (SIGNAL:00) [  PNL ] CYCLE START                     
 106 - [26/08/21 22:47:57] (SIGNAL:00) [  PNL ] CYCLE START                     
 107 - [26/08/21 22:47:57] (SIGNAL:00) [  PNL ] CYCLE START                     
 108 - [26/08/21 22:47:57] (SIGNAL:00) [  PNL ] CYCLE START                     
 109 - [26/08/21 22:47:57] (SIGNAL:00) [  PNL ] CYCLE START                     
 110 - [26/08/21 22:47:57] (SIGNAL:00) [  PNL ] CYCLE START                     
 111 - [26/08/21 22:47:56] (SIGNAL:00) [  PNL ] CYCLE START                     
 112 - [26/08/21 22:47:56] (SIGNAL:00) [  PNL ] CYCLE START                     
 113 - [26/08/21 22:47:56] (SIGNAL:00) [  PNL ] CYCLE START                     
 114 - [26/08/21 22:47:56] (SIGNAL:00) [  PNL ] CYCLE START                     
 115 - [26/08/21 22:47:56] (SIGNAL:00) [  PNL ] CYCLE START                     
Press SPACE key to continue.                                                    
 116 - [26/08/21 22:47:55] (SIGNAL:00) [  PNL ] CYCLE START                     
 117 - [26/08/21 22:47:55] (SIGNAL:00) [  PNL ] CYCLE START                     
 118 - [26/08/21 22:47:55] (SIGNAL:00) [  PNL ] CYCLE START                     
 119 - [26/08/21 22:47:55] (SIGNAL:00) [  PNL ] CYCLE START                     
 120 - [26/08/21 22:47:54] (SIGNAL:00) [  PNL ] CYCLE START                     
 121 - [26/08/21 22:47:54] (SIGNAL:00) [  PNL ] CYCLE START                     
 122 - [26/08/21 22:47:54] (SIGNAL:00) [  PNL ] CYCLE START                     
 123 - [26/08/21 22:47:54] (SIGNAL:00) [  PNL ] CYCLE START                     
 124 - [26/08/21 22:47:54] (SIGNAL:00) [  PNL ] CYCLE START                     
 125 - [26/08/21 22:47:54] (SIGNAL:00) [  PNL ] CYCLE START                     
 126 - [26/08/21 22:47:53] (SIGNAL:00) [  PNL ] CYCLE START                     
 127 - [26/08/21 22:47:53] (SIGNAL:00) [  PNL ] CYCLE START                     
 128 - [26/08/21 22:47:53] (SIGNAL:00) [  PNL ] CYCLE START                     
 129 - [26/08/21 22:47:53] (SIGNAL:00) [  PNL ] CYCLE START                     
 130 - [26/08/21 22:47:53] (SIGNAL:00) [  PNL ] CYCLE START                     
 131 - [26/08/21 22:47:52] (SIGNAL:00) [  PNL ] CYCLE START                     
 132 - [26/08/21 22:47:52] (SIGNAL:00) [  PNL ] CYCLE START                     
 133 - [26/08/21 22:47:52] (SIGNAL:00) [  PNL ] CYCLE START                     
 134 - [26/08/21 22:47:52] (SIGNAL:00) [  PNL ] CYCLE START                     
 135 - [26/08/21 22:47:52] (SIGNAL:00) [  PNL ] CYCLE START                     
 136 - [26/08/21 22:47:52] (SIGNAL:00) [  PNL ] CYCLE START                     
 137 - [26/08/21 22:47:51] (SIGNAL:00) [  PNL ] CYCLE START                     
 138 - [26/08/21 22:47:51] (SIGNAL:00) [  PNL ] CYCLE START                     
Press SPACE key to continue.                                                    
 139 - [26/08/21 22:47:51] (SIGNAL:00) [  PNL ] CYCLE START                     
 140 - [26/08/21 22:47:51] (SIGNAL:00) [  PNL ] CYCLE START                     
 141 - [26/08/21 22:47:51] (SIGNAL:00) [  PNL ] CYCLE START                     
 142 - [26/08/21 22:47:51] (SIGNAL:00) [  PNL ] CYCLE START                     
 143 - [26/08/21 22:47:50] (SIGNAL:00) [  PNL ] CYCLE START                     
 144 - [26/08/21 22:47:50] (SIGNAL:00) [  PNL ] CYCLE START                     
 145 - [26/08/21 22:47:50] (SIGNAL:00) [  PNL ] CYCLE START                     
 146 - [26/08/21 22:47:50] (SIGNAL:00) [  PNL ] CYCLE START                     
 147 - [26/08/21 22:47:50] (SIGNAL:00) [  PNL ] CYCLE START                     
 148 - [26/08/21 22:47:50] (SIGNAL:00) [  PNL ] CYCLE START                     
 149 - [26/08/21 22:47:49] (SIGNAL:00) [  PNL ] CYCLE START                     
 150 - [26/08/21 22:47:49] (SIGNAL:00) [  PNL ] CYCLE START                     
 151 - [26/08/21 22:47:49] (SIGNAL:00) [  PNL ] CYCLE START                     
 152 - [26/08/21 22:47:49] (SIGNAL:00) [  PNL ] CYCLE START                     
 153 - [26/08/21 22:47:49] (SIGNAL:00) [  PNL ] CYCLE START                     
 154 - [26/08/21 22:47:48] (SIGNAL:00) [  PNL ] CYCLE START                     
 155 - [26/08/21 22:47:48] (SIGNAL:00) [  PNL ] CYCLE START                     
 156 - [26/08/21 22:47:48] (SIGNAL:00) [  PNL ] CYCLE START                     
 157 - [26/08/21 22:47:48] (SIGNAL:00) [  PNL ] CYCLE START                     
 158 - [26/08/21 22:47:48] (SIGNAL:00) [  PNL ] CYCLE START                     
 159 - [26/08/21 22:47:48] (SIGNAL:00) [  PNL ] CYCLE START                     
 160 - [26/08/21 22:47:47] (SIGNAL:00) [  PNL ] CYCLE START                     
 161 - [26/08/21 22:47:47] (SIGNAL:00) [  PNL ] CYCLE START                     
Press SPACE key to continue.                                                    
 162 - [26/08/21 22:47:47] (SIGNAL:00) [  PNL ] CYCLE START                     
 163 - [26/08/21 22:47:47] (SIGNAL:00) [  PNL ] CYCLE START                     
 164 - [26/08/21 22:47:46] (SIGNAL:00) [  PNL ] CYCLE START                     
 165 - [26/08/21 22:47:46] (SIGNAL:00) [  PNL ] CYCLE START                     
 166 - [26/08/21 22:47:46] (SIGNAL:00) [  PNL ] CYCLE START                     
 167 - [26/08/21 22:47:46] (SIGNAL:00) [  PNL ] CYCLE START                     
 168 - [26/08/21 22:47:46] (SIGNAL:00) [  PNL ] CYCLE START                     
 169 - [26/08/21 22:47:46] (SIGNAL:00) [  PNL ] CYCLE START                     
 170 - [26/08/21 22:47:45] (SIGNAL:00) [  PNL ] CYCLE START                     
 171 - [26/08/21 22:47:45] (SIGNAL:00) [  PNL ] CYCLE START                     
 172 - [26/08/21 22:47:45] (SIGNAL:00) [  PNL ] CYCLE START                     
 173 - [26/08/21 22:47:45] (SIGNAL:00) [  PNL ] CYCLE START                     
 174 - [26/08/21 22:47:45] (SIGNAL:00) [  PNL ] CYCLE START                     
 175 - [26/08/21 22:47:44] (SIGNAL:00) [  PNL ] CYCLE START                     
 176 - [26/08/21 22:47:44] (SIGNAL:00) [  PNL ] CYCLE START                     
 177 - [26/08/21 22:47:44] (SIGNAL:00) [  PNL ] CYCLE START                     
 178 - [26/08/21 22:47:44] (SIGNAL:00) [  PNL ] CYCLE START                     
 179 - [26/08/21 22:47:44] (SIGNAL:00) [  PNL ] CYCLE START                     
 180 - [26/08/21 22:47:43] (SIGNAL:00) [  PNL ] CYCLE START                     
 181 - [26/08/21 22:47:43] (SIGNAL:00) [  PNL ] CYCLE START                     
 182 - [26/08/21 22:47:43] (SIGNAL:00) [  PNL ] CYCLE START                     
 183 - [26/08/21 22:47:43] (SIGNAL:00) [  PNL ] CYCLE START                     
 184 - [26/08/21 22:47:42] (SIGNAL:00) [  PNL ] CYCLE START                     
Press SPACE key to continue.                                                    
 185 - [26/08/21 22:47:42] (SIGNAL:00) [  PNL ] CYCLE START                     
 186 - [26/08/21 22:47:42] (SIGNAL:00) [  PNL ] CYCLE START                     
 187 - [26/08/21 22:47:42] (SIGNAL:00) [  PNL ] CYCLE START                     
 188 - [26/08/21 22:47:42] (SIGNAL:00) [  PNL ] CYCLE START                     
 189 - [26/08/21 22:47:42] (SIGNAL:00) [  PNL ] CYCLE START                     
 190 - [26/08/21 22:47:42] (SIGNAL:00) [  PNL ] CYCLE START                     
 191 - [26/08/21 22:47:41] (SIGNAL:00) [  PNL ] CYCLE START                     
 192 - [26/08/21 22:47:41] (SIGNAL:00) [  PNL ] CYCLE START                     
 193 - [26/08/21 22:47:41] (SIGNAL:00) [  PNL ] CYCLE START                     
 194 - [26/08/21 22:47:41] (SIGNAL:00) [  PNL ] CYCLE START                     
 195 - [26/08/21 22:47:41] (SIGNAL:00) [  PNL ] CYCLE START                     
 196 - [26/08/21 22:47:41] (SIGNAL:00) [  PNL ] CYCLE START                     
 197 - [26/08/21 22:47:40] (SIGNAL:00) [  PNL ] CYCLE START                     
 198 - [26/08/21 22:47:40] (SIGNAL:00) [  PNL ] CYCLE START                     
 199 - [26/08/21 22:47:40] (SIGNAL:00) [  PNL ] CYCLE START                     
 200 - [26/08/21 22:47:40] (SIGNAL:00) [  PNL ] CYCLE START                     
 201 - [26/08/21 22:47:40] (SIGNAL:00) [  PNL ] CYCLE START                     
 202 - [26/08/21 22:47:40] (SIGNAL:00) [  PNL ] CYCLE START                     
 203 - [26/08/21 22:47:39] (SIGNAL:00) [  PNL ] CYCLE START                     
 204 - [26/08/21 22:47:39] (SIGNAL:00) [  PNL ] CYCLE START                     
 205 - [26/08/21 22:47:39] (SIGNAL:00) [  PNL ] CYCLE START                     
 206 - [26/08/21 22:47:39] (SIGNAL:00) [  PNL ] CYCLE START                     
 207 - [26/08/21 22:47:39] (SIGNAL:00) [  PNL ] CYCLE START                     
Press SPACE key to continue.                                                    
 208 - [26/08/21 22:47:39] (SIGNAL:00) [  PNL ] CYCLE START                     
 209 - [26/08/21 22:47:38] (SIGNAL:00) [  PNL ] CYCLE START                     
 210 - [26/08/21 22:47:38] (SIGNAL:00) [  PNL ] CYCLE START                     
 211 - [26/08/21 22:47:38] (SIGNAL:00) [  PNL ] CYCLE START                     
 212 - [26/08/21 22:47:38] (SIGNAL:00) [  PNL ] CYCLE START                     
 213 - [26/08/21 22:47:38] (SIGNAL:00) [  PNL ] CYCLE START                     
 214 - [26/08/21 22:47:38] (SIGNAL:00) [  PNL ] CYCLE START                     
 215 - [26/08/21 22:47:37] (SIGNAL:00) [  PNL ] CYCLE START                     
 216 - [26/08/21 22:47:37] (SIGNAL:00) [  PNL ] CYCLE START                     
 217 - [26/08/21 22:47:37] (SIGNAL:00) [  PNL ] CYCLE START                     
 218 - [26/08/21 22:47:37] (SIGNAL:00) [  PNL ] CYCLE START                     
 219 - [26/08/21 22:47:37] (SIGNAL:00) [  PNL ] CYCLE START                     
 220 - [26/08/21 22:47:37] (SIGNAL:00) [  PNL ] CYCLE START                     
 221 - [26/08/21 22:47:36] (SIGNAL:00) [  PNL ] CYCLE START                     
 222 - [26/08/21 22:47:36] (SIGNAL:00) [  PNL ] PROGRAM RESET                   
 223 - [26/08/21 22:47:36] (SIGNAL:00) [  PNL ] CYCLE START                     
 224 - [26/08/21 22:47:36] (SIGNAL:00) [  PNL ] CYCLE START                     
 225 - [26/08/21 22:47:36] (SIGNAL:00) [  PNL ] CYCLE START                     
 226 - [26/08/21 22:47:36] (SIGNAL:00) [  PNL ] CYCLE START                     
 227 - [26/08/21 22:47:35] (SIGNAL:00) [  PNL ] CYCLE START                     
 228 - [26/08/21 22:47:35] (SIGNAL:00) [  PNL ] CYCLE START                     
 229 - [26/08/21 22:47:35] (SIGNAL:00) [  PNL ] CYCLE START                     
 230 - [26/08/21 22:47:35] (SIGNAL:00) [  PNL ] CYCLE START                     
Press SPACE key to continue.                                                    
 231 - [26/08/21 22:47:34] (SIGNAL:00) [  PNL ] CYCLE START                     
 232 - [26/08/21 22:47:34] (SIGNAL:00) [  PNL ] CYCLE START                     
 233 - [26/08/21 22:47:34] (SIGNAL:00) [  PNL ] CYCLE START                     
 234 - [26/08/21 22:47:34] (SIGNAL:00) [  PNL ] CYCLE START                     
 235 - [26/08/21 22:47:34] (SIGNAL:00) [  PNL ] CYCLE START                     
 236 - [26/08/21 22:47:34] (SIGNAL:00) [  PNL ] CYCLE START                     
 237 - [26/08/21 22:47:34] (SIGNAL:00) [  PNL ] CYCLE START                     
 238 - [26/08/21 22:47:33] (SIGNAL:00) [  PNL ] CYCLE START                     
 239 - [26/08/21 22:47:33] (SIGNAL:00) [  PNL ] CYCLE START                     
 240 - [26/08/21 22:47:33] (SIGNAL:00) [  PNL ] CYCLE START                     
 241 - [26/08/21 22:47:33] (SIGNAL:00) [  PNL ] CYCLE START                     
 242 - [26/08/21 22:47:33] (SIGNAL:00) [  PNL ] CYCLE START                     
 243 - [26/08/21 22:47:33] (SIGNAL:00) [  PNL ] CYCLE START                     
 244 - [26/08/21 22:47:32] (SIGNAL:00) [  PNL ] CYCLE START                     
 245 - [26/08/21 22:47:32] (SIGNAL:00) [  PNL ] CYCLE START                     
 246 - [26/08/21 22:47:32] (SIGNAL:00) [  PNL ] CYCLE START                     
 247 - [26/08/21 22:47:32] (SIGNAL:00) [  PNL ] CYCLE START                     
 248 - [26/08/21 22:47:32] (SIGNAL:00) [  PNL ] CYCLE START                     
 249 - [26/08/21 22:47:32] (SIGNAL:00) [  PNL ] CYCLE START                     
 250 - [26/08/21 22:47:31] (SIGNAL:00) [  PNL ] CYCLE START                     
 251 - [26/08/21 22:47:31] (SIGNAL:00) [  PNL ] CYCLE START                     
 252 - [26/08/21 22:47:31] (SIGNAL:00) [  PNL ] CYCLE START                     
 253 - [26/08/21 22:47:31] (SIGNAL:00) [  PNL ] CYCLE START                     
Press SPACE key to continue.                                                    
 254 - [26/08/21 22:47:31] (SIGNAL:00) [  PNL ] CYCLE START                     
 255 - [26/08/21 22:47:30] (SIGNAL:00) [  PNL ] CYCLE START                     
 256 - [26/08/21 22:47:30] (SIGNAL:00) [  PNL ] CYCLE START                     
 257 - [26/08/21 22:47:30] (SIGNAL:00) [  PNL ] CYCLE START                     
 258 - [26/08/21 22:47:30] (SIGNAL:00) [  PNL ] CYCLE START                     
 259 - [26/08/21 22:47:30] (SIGNAL:00) [  PNL ] CYCLE START                     
 260 - [26/08/21 22:47:30] (SIGNAL:00) [  PNL ] CYCLE START                     
 261 - [26/08/21 22:47:29] (SIGNAL:00) [  PNL ] CYCLE START                     
 262 - [26/08/21 22:47:29] (SIGNAL:00) [  PNL ] CYCLE START                     
 263 - [26/08/21 22:47:29] (SIGNAL:00) [  PNL ] CYCLE START                     
 264 - [26/08/21 22:47:29] (SIGNAL:00) [  PNL ] CYCLE START                     
 265 - [26/08/21 22:47:29] (SIGNAL:00) [  PNL ] CYCLE START                     
 266 - [26/08/21 22:47:28] (SIGNAL:00) [  PNL ] CYCLE START                     
 267 - [26/08/21 22:47:28] (SIGNAL:00) [  PNL ] CYCLE START                     
 268 - [26/08/21 22:47:28] (SIGNAL:00) [  PNL ] CYCLE START                     
 269 - [26/08/21 22:47:28] (SIGNAL:00) [  PNL ] CYCLE START                     
 270 - [26/08/21 22:47:28] (SIGNAL:00) [  PNL ] CYCLE START                     
 271 - [26/08/21 22:47:28] (SIGNAL:00) [  PNL ] CYCLE START                     
 272 - [26/08/21 22:47:27] (SIGNAL:00) [  PNL ] CYCLE START                     
 273 - [26/08/21 22:47:27] (SIGNAL:00) [  PNL ] CYCLE START                     
 274 - [26/08/21 22:47:27] (SIGNAL:00) [  PNL ] CYCLE START                     
 275 - [26/08/21 22:47:27] (SIGNAL:00) [  PNL ] CYCLE START                     
 276 - [26/08/21 22:47:26] (SIGNAL:00) [  PNL ] CYCLE START                     
Press SPACE key to continue.                                                    
 277 - [26/08/21 22:47:26] (SIGNAL:00) [  PNL ] CYCLE START                     
 278 - [26/08/21 22:47:26] (SIGNAL:00) [  PNL ] CYCLE START                     
 279 - [26/08/21 22:47:26] (SIGNAL:00) [  PNL ] CYCLE START                     
 280 - [26/08/21 22:47:26] (SIGNAL:00) [  PNL ] CYCLE START                     
 281 - [26/08/21 22:47:26] (SIGNAL:00) [  PNL ] CYCLE START                     
 282 - [26/08/21 22:47:25] (SIGNAL:00) [  PNL ] CYCLE START                     
 283 - [26/08/21 22:47:25] (SIGNAL:00) [  PNL ] CYCLE START                     
 284 - [26/08/21 22:47:25] (SIGNAL:00) [  PNL ] CYCLE START                     
 285 - [26/08/21 22:47:25] (SIGNAL:00) [  PNL ] CYCLE START                     
 286 - [26/08/21 22:47:25] (SIGNAL:00) [  PNL ] CYCLE START                     
 287 - [26/08/21 22:47:25] (SIGNAL:00) [  PNL ] CYCLE START                     
 288 - [26/08/21 22:47:24] (SIGNAL:00) [  PNL ] CYCLE START                     
 289 - [26/08/21 22:47:24] (SIGNAL:00) [  PNL ] CYCLE START                     
 290 - [26/08/21 22:47:24] (SIGNAL:00) [  PNL ] CYCLE START                     
 291 - [26/08/21 22:47:24] (SIGNAL:00) [  PNL ] CYCLE START                     
 292 - [26/08/21 22:47:24] (SIGNAL:00) [  PNL ] CYCLE START                     
 293 - [26/08/21 22:47:23] (SIGNAL:00) [  PNL ] CYCLE START                     
 294 - [26/08/21 22:47:23] (SIGNAL:00) [  PNL ] CYCLE START                     
 295 - [26/08/21 22:47:23] (SIGNAL:00) [  PNL ] CYCLE START                     
 296 - [26/08/21 22:47:23] (SIGNAL:00) [  PNL ] CYCLE START                     
 297 - [26/08/21 22:47:22] (SIGNAL:00) [  PNL ] CYCLE START                     
 298 - [26/08/21 22:47:22] (SIGNAL:00) [  PNL ] CYCLE START                     
 299 - [26/08/21 22:47:22] (SIGNAL:00) [  PNL ] CYCLE START                     
Press SPACE key to continue.                                                    
 300 - [26/08/21 22:47:22] (SIGNAL:00) [  PNL ] CYCLE START                     
 301 - [26/08/21 22:47:22] (SIGNAL:00) [  PNL ] CYCLE START                     
 302 - [26/08/21 22:47:22] (SIGNAL:00) [  PNL ] CYCLE START                     
 303 - [26/08/21 22:47:21] (SIGNAL:00) [  PNL ] CYCLE START                     
 304 - [26/08/21 22:47:21] (SIGNAL:00) [  PNL ] CYCLE START                     
 305 - [26/08/21 22:47:21] (SIGNAL:00) [  PNL ] CYCLE START                     
 306 - [26/08/21 22:47:21] (SIGNAL:00) [  PNL ] CYCLE START                     
 307 - [26/08/21 22:47:21] (SIGNAL:00) [  PNL ] CYCLE START                     
 308 - [26/08/21 22:47:20] (SIGNAL:00) [  PNL ] CYCLE START                     
 309 - [26/08/21 22:47:20] (SIGNAL:00) [  PNL ] CYCLE START                     
 310 - [26/08/21 22:47:20] (SIGNAL:00) [  PNL ] CYCLE START                     
 311 - [26/08/21 22:47:20] (SIGNAL:00) [  PNL ] CYCLE START                     
 312 - [26/08/21 22:47:20] (SIGNAL:00) [  PNL ] CYCLE START                     
 313 - [26/08/21 22:47:20] (SIGNAL:00) [  PNL ] CYCLE START                     
 314 - [26/08/21 22:47:19] (SIGNAL:00) [  PNL ] CYCLE START                     
 315 - [26/08/21 22:47:19] (SIGNAL:00) [  PNL ] CYCLE START                     
 316 - [26/08/21 22:47:19] (SIGNAL:00) [  PNL ] CYCLE START                     
 317 - [26/08/21 22:47:19] (SIGNAL:00) [  PNL ] CYCLE START                     
 318 - [26/08/21 22:47:19] (SIGNAL:00) [  PNL ] CYCLE START                     
 319 - [26/08/21 22:47:18] (SIGNAL:00) [  PNL ] CYCLE START                     
 320 - [26/08/21 22:47:18] (SIGNAL:00) [  PNL ] CYCLE START                     
 321 - [26/08/21 22:47:18] (SIGNAL:00) [  PNL ] CYCLE START                     
 322 - [26/08/21 22:47:18] (SIGNAL:00) [  PNL ] CYCLE START                     
Press SPACE key to continue.                                                    
 323 - [26/08/21 22:47:18] (SIGNAL:00) [  PNL ] CYCLE START                     
 324 - [26/08/21 22:47:18] (SIGNAL:00) [  PNL ] CYCLE START                     
 325 - [26/08/21 22:47:18] (SIGNAL:00) [  PNL ] CYCLE START                     
 326 - [26/08/21 22:47:17] (SIGNAL:00) [  PNL ] CYCLE START                     
 327 - [26/08/21 22:47:17] (SIGNAL:00) [  PNL ] CYCLE START                     
 328 - [26/08/21 22:47:17] (SIGNAL:00) [  PNL ] CYCLE START                     
 329 - [26/08/21 22:47:17] (SIGNAL:00) [  PNL ] CYCLE START                     
 330 - [26/08/21 22:47:17] (SIGNAL:00) [  PNL ] CYCLE START                     
 331 - [26/08/21 22:47:16] (SIGNAL:00) [  PNL ] CYCLE START                     
 332 - [26/08/21 22:47:16] (SIGNAL:00) [  PNL ] CYCLE START                     
 333 - [26/08/21 22:47:16] (SIGNAL:00) [  PNL ] CYCLE START                     
 334 - [26/08/21 22:47:16] (SIGNAL:00) [  PNL ] CYCLE START                     
 335 - [26/08/21 22:47:16] (SIGNAL:00) [  PNL ] CYCLE START                     
 336 - [26/08/21 22:47:16] (SIGNAL:00) [  PNL ] CYCLE START                     
 337 - [26/08/21 22:47:15] (SIGNAL:00) [  PNL ] CYCLE START                     
 338 - [26/08/21 22:47:15] (SIGNAL:00) [  PNL ] CYCLE START                     
 339 - [26/08/21 22:47:15] (SIGNAL:00) [  PNL ] CYCLE START                     
 340 - [26/08/21 22:47:15] (SIGNAL:00) [  PNL ] CYCLE START                     
 341 - [26/08/21 22:47:14] (SIGNAL:00) [  PNL ] CYCLE START                     
 342 - [26/08/21 22:47:14] (SIGNAL:00) [  PNL ] CYCLE START                     
 343 - [26/08/21 22:47:14] (SIGNAL:00) [  PNL ] CYCLE START                     
 344 - [26/08/21 22:47:14] (SIGNAL:00) [  PNL ] CYCLE START                     
 345 - [26/08/21 22:47:14] (SIGNAL:00) [  PNL ] CYCLE START                     
Press SPACE key to continue.                                                    
 346 - [26/08/21 22:47:14] (SIGNAL:00) [  PNL ] CYCLE START                     
 347 - [26/08/21 22:47:13] (SIGNAL:00) [  PNL ] CYCLE START                     
 348 - [26/08/21 22:47:13] (SIGNAL:00) [  PNL ] CYCLE START                     
 349 - [26/08/21 22:47:13] (SIGNAL:00) [  PNL ] CYCLE START                     
 350 - [26/08/21 22:47:13] (SIGNAL:00) [  PNL ] CYCLE START                     
 351 - [26/08/21 22:47:13] (SIGNAL:00) [  PNL ] CYCLE START                     
 352 - [26/08/21 22:47:12] (SIGNAL:00) [  PNL ] CYCLE START                     
 353 - [26/08/21 22:47:12] (SIGNAL:00) [  PNL ] CYCLE START                     
 354 - [26/08/21 22:47:12] (SIGNAL:00) [  PNL ] CYCLE START                     
 355 - [26/08/21 22:47:12] (SIGNAL:00) [  PNL ] CYCLE START                     
 356 - [26/08/21 22:47:12] (SIGNAL:00) [  PNL ] CYCLE START                     
 357 - [26/08/21 22:47:11] (SIGNAL:00) [  PNL ] CYCLE START                     
 358 - [26/08/21 22:47:11] (SIGNAL:00) [  PNL ] CYCLE START                     
 359 - [26/08/21 22:47:11] (SIGNAL:00) [  PNL ] CYCLE START                     
 360 - [26/08/21 22:47:11] (SIGNAL:00) [  PNL ] CYCLE START                     
 361 - [26/08/21 22:47:11] (SIGNAL:00) [  PNL ] CYCLE START                     
 362 - [26/08/21 22:47:11] (SIGNAL:00) [  PNL ] CYCLE START                     
 363 - [26/08/21 22:47:10] (SIGNAL:00) [  PNL ] CYCLE START                     
 364 - [26/08/21 22:47:10] (SIGNAL:00) [  PNL ] CYCLE START                     
 365 - [26/08/21 22:47:10] (SIGNAL:00) [  PNL ] CYCLE START                     
 366 - [26/08/21 22:47:10] (SIGNAL:00) [  PNL ] CYCLE START                     
 367 - [26/08/21 22:47:10] (SIGNAL:00) [  PNL ] CYCLE START                     
 368 - [26/08/21 22:47:10] (SIGNAL:00) [  PNL ] CYCLE START                     
Press SPACE key to continue.                                                    
 369 - [26/08/21 22:47:10] (SIGNAL:00) [  PNL ] CYCLE START                     
 370 - [26/08/21 22:47:09] (SIGNAL:00) [  PNL ] CYCLE START                     
 371 - [26/08/21 22:47:09] (SIGNAL:00) [  PNL ] CYCLE START                     
 372 - [26/08/21 22:47:09] (SIGNAL:00) [  PNL ] CYCLE START                     
 373 - [26/08/21 22:47:09] (SIGNAL:00) [  PNL ] CYCLE START                     
 374 - [26/08/21 22:47:09] (SIGNAL:00) [  PNL ] CYCLE START                     
 375 - [26/08/21 22:47:08] (SIGNAL:00) [  PNL ] CYCLE START                     
 376 - [26/08/21 22:47:08] (SIGNAL:00) [  PNL ] CYCLE START                     
 377 - [26/08/21 22:47:08] (SIGNAL:00) [  PNL ] CYCLE START                     
 378 - [26/08/21 22:47:08] (SIGNAL:00) [  PNL ] CYCLE START                     
 379 - [26/08/21 22:47:07] (SIGNAL:00) [  PNL ] CYCLE START                     
 380 - [26/08/21 22:47:07] (SIGNAL:00) [  PNL ] CYCLE START                     
 381 - [26/08/21 22:47:07] (SIGNAL:00) [  PNL ] CYCLE START                     
 382 - [26/08/21 22:47:07] (SIGNAL:00) [  PNL ] CYCLE START                     
 383 - [26/08/21 22:47:07] (SIGNAL:00) [  PNL ] CYCLE START                     
 384 - [26/08/21 22:47:06] (SIGNAL:00) [  PNL ] CYCLE START                     
 385 - [26/08/21 22:47:06] (SIGNAL:00) [  PNL ] CYCLE START                     
 386 - [26/08/21 22:47:06] (SIGNAL:00) [  PNL ] CYCLE START                     
 387 - [26/08/21 22:47:06] (SIGNAL:00) [  PNL ] CYCLE START                     
 388 - [26/08/21 22:47:06] (SIGNAL:00) [  PNL ] CYCLE START                     
 389 - [26/08/21 22:47:06] (SIGNAL:00) [  PNL ] CYCLE START                     
 390 - [26/08/21 22:47:06] (SIGNAL:00) [  PNL ] CYCLE START                     
 391 - [26/08/21 22:47:05] (SIGNAL:00) [  PNL ] CYCLE START                     
Press SPACE key to continue.                                                    
 392 - [26/08/21 22:47:05] (SIGNAL:00) [  PNL ] CYCLE START                     
 393 - [26/08/21 22:47:05] (SIGNAL:00) [  PNL ] CYCLE START                     
 394 - [26/08/21 22:47:05] (SIGNAL:00) [  PNL ] CYCLE START                     
 395 - [26/08/21 22:47:04] (SIGNAL:00) [  PNL ] CYCLE START                     
 396 - [26/08/21 22:47:04] (SIGNAL:00) [  PNL ] CYCLE START                     
 397 - [26/08/21 22:47:04] (SIGNAL:00) [  PNL ] CYCLE START                     
 398 - [26/08/21 22:47:04] (SIGNAL:00) [  PNL ] CYCLE START                     
 399 - [26/08/21 22:47:04] (SIGNAL:00) [  PNL ] CYCLE START                     
 400 - [26/08/21 22:47:03] (SIGNAL:00) [  PNL ] CYCLE START                     
 401 - [26/08/21 22:47:03] (SIGNAL:00) [  PNL ] CYCLE START                     
 402 - [26/08/21 22:47:03] (SIGNAL:00) [  PNL ] CYCLE START                     
 403 - [26/08/21 22:47:03] (SIGNAL:00) [  PNL ] CYCLE START                     
 404 - [26/08/21 22:47:03] (SIGNAL:00) [  PNL ] CYCLE START                     
 405 - [26/08/21 22:47:02] (SIGNAL:00) [  PNL ] CYCLE START                     
 406 - [26/08/21 22:47:02] (SIGNAL:00) [  PNL ] CYCLE START                     
 407 - [26/08/21 22:47:02] (SIGNAL:00) [  PNL ] CYCLE START                     
 408 - [26/08/21 22:47:02] (SIGNAL:00) [  PNL ] CYCLE START                     
 409 - [26/08/21 22:47:02] (SIGNAL:00) [  PNL ] CYCLE START                     
 410 - [26/08/21 22:47:02] (SIGNAL:00) [  PNL ] CYCLE START                     
 411 - [26/08/21 22:47:01] (SIGNAL:00) [  PNL ] CYCLE START                     
 412 - [26/08/21 22:47:01] (SIGNAL:00) [  PNL ] CYCLE START                     
 413 - [26/08/21 22:47:01] (SIGNAL:00) [  PNL ] CYCLE START                     
 414 - [26/08/21 22:47:01] (SIGNAL:00) [  PNL ] PROGRAM RESET                   
Press SPACE key to continue.                                                    
 415 - [26/08/21 22:47:01] (SIGNAL:00) [  PNL ] ERROR RESET                     
 416 - [26/08/21 22:47:00] (SIGNAL:00) [  PNL ] CYCLE START                     
 417 - [26/08/21 22:47:00] (SIGNAL:00) [  PNL ] CYCLE START                     
 418 - [26/08/21 22:47:00] (SIGNAL:00) [  PNL ] CYCLE START                     
 419 - [26/08/21 22:47:00] (SIGNAL:00) [  PNL ] CYCLE START                     
 420 - [26/08/21 22:47:00] (SIGNAL:00) [  PNL ] CYCLE START                     
 421 - [26/08/21 22:46:59] (SIGNAL:00) [  PNL ] CYCLE START                     
 422 - [26/08/21 22:46:59] (SIGNAL:00) [  PNL ] CYCLE START                     
 423 - [26/08/21 22:46:59] (SIGNAL:00) [  PNL ] CYCLE START                     
 424 - [26/08/21 22:46:59] (SIGNAL:00) [  PNL ] CYCLE START                     
 425 - [26/08/21 22:46:59] (SIGNAL:00) [  PNL ] CYCLE START                     
 426 - [26/08/21 22:46:58] (SIGNAL:00) [  PNL ] CYCLE START                     
 427 - [26/08/21 22:46:58] (SIGNAL:00) [  PNL ] CYCLE START                     
 428 - [26/08/21 22:46:58] (SIGNAL:00) [  PNL ] CYCLE START                     
 429 - [26/08/21 22:46:58] (SIGNAL:00) [  PNL ] CYCLE START                     
 430 - [26/08/21 22:46:58] (SIGNAL:00) [  PNL ] CYCLE START                     
 431 - [26/08/21 22:46:58] (SIGNAL:00) [  PNL ] CYCLE START                     
 432 - [26/08/21 22:46:57] (SIGNAL:00) [  PNL ] CYCLE START                     
 433 - [26/08/21 22:46:57] (SIGNAL:00) [  PNL ] CYCLE START                     
 434 - [26/08/21 22:46:57] (SIGNAL:00) [  PNL ] CYCLE START                     
 435 - [26/08/21 22:46:57] (SIGNAL:00) [  PNL ] CYCLE START                     
 436 - [26/08/21 22:46:56] (SIGNAL:00) [  PNL ] CYCLE START                     
 437 - [26/08/21 22:46:56] (SIGNAL:00) [  PNL ] CYCLE START                     
Press SPACE key to continue.                                                    
 438 - [26/08/21 22:46:56] (SIGNAL:00) [  PNL ] CYCLE START                     
 439 - [26/08/21 22:46:56] (SIGNAL:00) [  PNL ] CYCLE START                     
 440 - [26/08/21 22:46:56] (SIGNAL:00) [  PNL ] CYCLE START                     
 441 - [26/08/21 22:46:55] (SIGNAL:00) [  PNL ] CYCLE START                     
 442 - [26/08/21 22:46:55] (SIGNAL:00) [  PNL ] CYCLE START                     
 443 - [26/08/21 22:46:55] (SIGNAL:00) [  PNL ] CYCLE START                     
 444 - [26/08/21 22:46:55] (SIGNAL:00) [  PNL ] CYCLE START                     
 445 - [26/08/21 22:46:55] (SIGNAL:00) [  PNL ] CYCLE START                     
 446 - [26/08/21 22:46:54] (SIGNAL:00) [  PNL ] CYCLE START                     
 447 - [26/08/21 22:46:54] (SIGNAL:00) [  PNL ] CYCLE START                     
 448 - [26/08/21 22:46:54] (SIGNAL:00) [  PNL ] CYCLE START                     
 449 - [26/08/21 22:46:54] (SIGNAL:00) [  PNL ] CYCLE START                     
 450 - [26/08/21 22:46:54] (SIGNAL:00) [  PNL ] CYCLE START                     
 451 - [26/08/21 22:46:54] (SIGNAL:00) [  PNL ] CYCLE START                     
 452 - [26/08/21 22:46:53] (SIGNAL:00) [  PNL ] CYCLE START                     
 453 - [26/08/21 22:46:53] (SIGNAL:00) [  PNL ] CYCLE START                     
 454 - [26/08/21 22:46:53] (SIGNAL:00) [  PNL ] CYCLE START                     
 455 - [26/08/21 22:46:53] (SIGNAL:00) [  PNL ] CYCLE START                     
 456 - [26/08/21 22:46:52] (SIGNAL:00) [  PNL ] CYCLE START                     
 457 - [26/08/21 22:46:52] (SIGNAL:00) [  PNL ] CYCLE START                     
 458 - [26/08/21 22:46:52] (SIGNAL:00) [  PNL ] CYCLE START                     
 459 - [26/08/21 22:46:52] (SIGNAL:00) [  PNL ] CYCLE START                     
 460 - [26/08/21 22:46:52] (SIGNAL:00) [  PNL ] CYCLE START                     
Press SPACE key to continue.                                                    
 461 - [26/08/21 22:46:51] (SIGNAL:00) [  PNL ] CYCLE START                     
 462 - [26/08/21 22:46:51] (SIGNAL:00) [  PNL ] CYCLE START                     
 463 - [26/08/21 22:46:51] (SIGNAL:00) [  PNL ] CYCLE START                     
 464 - [26/08/21 22:46:51] (SIGNAL:00) [  PNL ] CYCLE START                     
 465 - [26/08/21 22:46:51] (SIGNAL:00) [  PNL ] CYCLE START                     
 466 - [26/08/21 22:46:50] (SIGNAL:00) [  PNL ] CYCLE START                     
 467 - [26/08/21 22:46:50] (SIGNAL:00) [  PNL ] CYCLE START                     
 468 - [26/08/21 22:46:50] (SIGNAL:00) [  PNL ] CYCLE START                     
 469 - [26/08/21 22:46:50] (SIGNAL:00) [  PNL ] CYCLE START                     
 470 - [26/08/21 22:46:50] (SIGNAL:00) [  PNL ] CYCLE START                     
 471 - [26/08/21 22:46:50] (SIGNAL:00) [  PNL ] CYCLE START                     
 472 - [26/08/21 22:46:49] (SIGNAL:00) [  PNL ] CYCLE START                     
 473 - [26/08/21 22:46:49] (SIGNAL:00) [  PNL ] CYCLE START                     
 474 - [26/08/21 22:46:49] (SIGNAL:00) [  PNL ] CYCLE START                     
 475 - [26/08/21 22:46:49] (SIGNAL:00) [  PNL ] CYCLE START                     
 476 - [26/08/21 22:46:48] (SIGNAL:00) [  PNL ] CYCLE START                     
 477 - [26/08/21 22:46:48] (SIGNAL:00) [  PNL ] CYCLE START                     
 478 - [26/08/21 22:46:48] (SIGNAL:00) [  PNL ] CYCLE START                     
 479 - [26/08/21 22:46:48] (SIGNAL:00) [  PNL ] CYCLE START                     
 480 - [26/08/21 22:46:48] (SIGNAL:00) [  PNL ] CYCLE START                     
 481 - [26/08/21 22:46:47] (SIGNAL:00) [  PNL ] CYCLE START                     
 482 - [26/08/21 22:46:47] (SIGNAL:00) [  PNL ] CYCLE START                     
 483 - [26/08/21 22:46:47] (SIGNAL:00) [  PNL ] CYCLE START                     
Press SPACE key to continue.                                                    
 484 - [26/08/21 22:46:47] (SIGNAL:00) [  PNL ] PROGRAM RESET                   
 485 - [26/08/21 22:46:47] (SIGNAL:00) [  PNL ] REPEAT->TEACH                   
 486 - [26/08/21 22:45:39] (SIGNAL:00) [  PNL ] HOLD->RUN                       
 487 - [26/08/21 22:45:26] (SIGNAL:00) [  PNL ] RUN->HOLD                       
 488 - [26/08/21 22:40:09] (SIGNAL:00) [  PNL ] HOLD->RUN                       
 489 - [26/08/21 22:40:01] (SIGNAL:00) [  PNL ] RUN->HOLD                       
 490 - [26/08/21 22:38:12] (SIGNAL:00) [  PNL ] CYCLE START                     
 491 - [26/08/21 22:38:12] (SIGNAL:00) [  PNL ] PROGRAM RESET                   
 492 - [26/08/21 22:37:08] (SIGNAL:00) [  PNL ] CYCLE START                     
 493 - [26/08/21 22:37:08] (SIGNAL:00) [  PNL ] PROGRAM RESET                   
 494 - [26/08/21 22:07:44] (SIGNAL:00) [  PNL ] CYCLE START                     
 495 - [26/08/21 22:07:43] (SIGNAL:00) [  PNL ] PROGRAM RESET                   
 496 - [26/08/21 22:07:14] (SIGNAL:00) [  PNL ] CYCLE START                     
 497 - [26/08/21 22:07:14] (SIGNAL:00) [  PNL ] PROGRAM RESET                   
 498 - [26/08/21 22:06:47] (SIGNAL:00) [  PNL ] CYCLE START                     
 499 - [26/08/21 22:06:47] (SIGNAL:00) [  PNL ] PROGRAM RESET                   
 500 - [26/08/21 22:06:44] (SIGNAL:00) [  PNL ] CYCLE START                     
 501 - [26/08/21 22:06:44] (SIGNAL:00) [  PNL ] PROGRAM RESET                   
 502 - [26/08/21 22:06:39] (SIGNAL:00) [  PNL ] TEACH->REPEAT                   
 503 - [26/08/21 22:05:44] (SIGNAL:00) [  PNL ] REPEAT->TEACH                   
 504 - [26/08/21 22:05:29] (SIGNAL:00) [  PNL ] CYCLE START                     
 505 - [26/08/21 22:05:29] (SIGNAL:00) [  PNL ] PROGRAM RESET                   
 506 - [26/08/21 22:05:21] (SIGNAL:00) [  PNL ] CYCLE START                     
Press SPACE key to continue.                                                    
 507 - [26/08/21 22:05:21] (SIGNAL:00) [  PNL ] PROGRAM RESET                   
 508 - [26/08/21 22:05:19] (SIGNAL:00) [  PNL ] CYCLE START                     
 509 - [26/08/21 22:05:19] (SIGNAL:00) [  PNL ] PROGRAM RESET                   
 510 - [26/08/21 22:05:14] (SIGNAL:00) [  PNL ] CYCLE START                     
 511 - [26/08/21 22:05:14] (SIGNAL:00) [  PNL ] CYCLE START                     
 512 - [26/08/21 22:05:14] (SIGNAL:00) [  PNL ] CYCLE START                     
 513 - [26/08/21 22:05:14] (SIGNAL:00) [  PNL ] CYCLE START                     
 514 - [26/08/21 22:05:13] (SIGNAL:00) [  PNL ] PROGRAM RESET                   
 515 - [26/08/21 22:05:13] (SIGNAL:00) [  PNL ] CYCLE START                     
 516 - [26/08/21 22:05:13] (SIGNAL:00) [  PNL ] CYCLE START                     
 517 - [26/08/21 22:05:13] (SIGNAL:00) [  PNL ] CYCLE START                     
 518 - [26/08/21 22:05:13] (SIGNAL:00) [  PNL ] PROGRAM RESET                   
 519 - [26/08/21 22:05:13] (SIGNAL:00) [  PNL ] CYCLE START                     
 520 - [26/08/21 22:05:13] (SIGNAL:00) [  PNL ] CYCLE START                     
 521 - [26/08/21 22:05:13] (SIGNAL:00) [  PNL ] CYCLE START                     
 522 - [26/08/21 22:05:12] (SIGNAL:00) [  PNL ] CYCLE START                     
 523 - [26/08/21 22:05:12] (SIGNAL:00) [  PNL ] PROGRAM RESET                   
 524 - [26/08/21 22:05:12] (SIGNAL:00) [  PNL ] CYCLE START                     
 525 - [26/08/21 22:05:12] (SIGNAL:00) [  PNL ] CYCLE START                     
 526 - [26/08/21 22:05:12] (SIGNAL:00) [  PNL ] CYCLE START                     
 527 - [26/08/21 22:05:12] (SIGNAL:00) [  PNL ] CYCLE START                     
 528 - [26/08/21 22:05:12] (SIGNAL:00) [  PNL ] CYCLE START                     
 529 - [26/08/21 22:05:11] (SIGNAL:00) [  PNL ] CYCLE START                     
Press SPACE key to continue.                                                    
 530 - [26/08/21 22:05:11] (SIGNAL:00) [  PNL ] CYCLE START                     
 531 - [26/08/21 22:05:11] (SIGNAL:00) [  PNL ] CYCLE START                     
 532 - [26/08/21 22:05:11] (SIGNAL:00) [  PNL ] CYCLE START                     
 533 - [26/08/21 22:05:11] (SIGNAL:00) [  PNL ] CYCLE START                     
 534 - [26/08/21 22:05:11] (SIGNAL:00) [  PNL ] CYCLE START                     
 535 - [26/08/21 22:05:10] (SIGNAL:00) [  PNL ] CYCLE START                     
 536 - [26/08/21 22:05:10] (SIGNAL:00) [  PNL ] CYCLE START                     
 537 - [26/08/21 22:05:10] (SIGNAL:00) [  PNL ] CYCLE START                     
 538 - [26/08/21 22:05:10] (SIGNAL:00) [  PNL ] CYCLE START                     
 539 - [26/08/21 22:05:10] (SIGNAL:00) [  PNL ] CYCLE START                     
 540 - [26/08/21 22:05:10] (SIGNAL:00) [  PNL ] CYCLE START                     
 541 - [26/08/21 22:05:10] (SIGNAL:00) [  PNL ] CYCLE START                     
 542 - [26/08/21 22:05:09] (SIGNAL:00) [  PNL ] CYCLE START                     
 543 - [26/08/21 22:05:09] (SIGNAL:00) [  PNL ] CYCLE START                     
 544 - [26/08/21 22:05:09] (SIGNAL:00) [  PNL ] CYCLE START                     
 545 - [26/08/21 22:05:09] (SIGNAL:00) [  PNL ] CYCLE START                     
 546 - [26/08/21 22:05:09] (SIGNAL:00) [  PNL ] CYCLE START                     
 547 - [26/08/21 22:05:08] (SIGNAL:00) [  PNL ] CYCLE START                     
 548 - [26/08/21 22:05:08] (SIGNAL:00) [  PNL ] CYCLE START                     
 549 - [26/08/21 22:05:08] (SIGNAL:00) [  PNL ] CYCLE START                     
 550 - [26/08/21 22:05:08] (SIGNAL:00) [  PNL ] CYCLE START                     
 551 - [26/08/21 22:05:08] (SIGNAL:00) [  PNL ] CYCLE START                     
 552 - [26/08/21 22:05:08] (SIGNAL:00) [  PNL ] CYCLE START                     
Press SPACE key to continue.                                                    
 553 - [26/08/21 22:05:08] (SIGNAL:00) [  PNL ] CYCLE START                     
 554 - [26/08/21 22:05:07] (SIGNAL:00) [  PNL ] CYCLE START                     
 555 - [26/08/21 22:05:07] (SIGNAL:00) [  PNL ] CYCLE START                     
 556 - [26/08/21 22:05:07] (SIGNAL:00) [  PNL ] CYCLE START                     
 557 - [26/08/21 22:05:07] (SIGNAL:00) [  PNL ] CYCLE START                     
 558 - [26/08/21 22:05:07] (SIGNAL:00) [  PNL ] CYCLE START                     
 559 - [26/08/21 22:05:07] (SIGNAL:00) [  PNL ] CYCLE START                     
 560 - [26/08/21 22:05:06] (SIGNAL:00) [  PNL ] CYCLE START                     
 561 - [26/08/21 22:05:06] (SIGNAL:00) [  PNL ] PROGRAM RESET                   
 562 - [26/08/21 22:05:06] (SIGNAL:00) [  PNL ] CYCLE START                     
 563 - [26/08/21 22:05:06] (SIGNAL:00) [  PNL ] CYCLE START                     
 564 - [26/08/21 22:05:06] (SIGNAL:00) [  PNL ] CYCLE START                     
 565 - [26/08/21 22:05:06] (SIGNAL:00) [  PNL ] PROGRAM RESET                   
 566 - [26/08/21 22:05:06] (SIGNAL:00) [  PNL ] CYCLE START                     
 567 - [26/08/21 22:05:06] (SIGNAL:00) [  PNL ] CYCLE START                     
 568 - [26/08/21 22:05:06] (SIGNAL:00) [  PNL ] CYCLE START                     
 569 - [26/08/21 22:05:05] (SIGNAL:00) [  PNL ] CYCLE START                     
 570 - [26/08/21 22:05:05] (SIGNAL:00) [  PNL ] PROGRAM RESET                   
 571 - [26/08/21 22:05:05] (SIGNAL:00) [  PNL ] CYCLE START                     
 572 - [26/08/21 22:05:05] (SIGNAL:00) [  PNL ] CYCLE START                     
 573 - [26/08/21 22:05:05] (SIGNAL:00) [  PNL ] CYCLE START                     
 574 - [26/08/21 22:05:05] (SIGNAL:00) [  PNL ] PROGRAM RESET                   
 575 - [26/08/21 22:05:05] (SIGNAL:00) [  PNL ] CYCLE START                     
Press SPACE key to continue.                                                    
 576 - [26/08/21 22:05:05] (SIGNAL:00) [  PNL ] CYCLE START                     
 577 - [26/08/21 22:05:04] (SIGNAL:00) [  PNL ] CYCLE START                     
 578 - [26/08/21 22:05:04] (SIGNAL:00) [  PNL ] PROGRAM RESET                   
 579 - [26/08/21 22:05:04] (SIGNAL:00) [  PNL ] CYCLE START                     
 580 - [26/08/21 22:05:04] (SIGNAL:00) [  PNL ] CYCLE START                     
 581 - [26/08/21 22:05:04] (SIGNAL:00) [  PNL ] CYCLE START                     
 582 - [26/08/21 22:05:04] (SIGNAL:00) [  PNL ] CYCLE START                     
 583 - [26/08/21 22:05:03] (SIGNAL:00) [  PNL ] CYCLE START                     
 584 - [26/08/21 22:05:03] (SIGNAL:00) [  PNL ] CYCLE START                     
 585 - [26/08/21 22:05:03] (SIGNAL:00) [  PNL ] CYCLE START                     
 586 - [26/08/21 22:05:03] (SIGNAL:00) [  PNL ] CYCLE START                     
 587 - [26/08/21 22:05:03] (SIGNAL:00) [  PNL ] CYCLE START                     
 588 - [26/08/21 22:05:03] (SIGNAL:00) [  PNL ] CYCLE START                     
 589 - [26/08/21 22:05:02] (SIGNAL:00) [  PNL ] CYCLE START                     
 590 - [26/08/21 22:05:02] (SIGNAL:00) [  PNL ] CYCLE START                     
 591 - [26/08/21 22:05:02] (SIGNAL:00) [  PNL ] CYCLE START                     
 592 - [26/08/21 22:05:02] (SIGNAL:00) [  PNL ] CYCLE START                     
 593 - [26/08/21 22:05:02] (SIGNAL:00) [  PNL ] CYCLE START                     
 594 - [26/08/21 22:05:02] (SIGNAL:00) [  PNL ] CYCLE START                     
 595 - [26/08/21 22:05:02] (SIGNAL:00) [  PNL ] CYCLE START                     
 596 - [26/08/21 22:05:01] (SIGNAL:00) [  PNL ] CYCLE START                     
 597 - [26/08/21 22:05:01] (SIGNAL:00) [  PNL ] CYCLE START                     
 598 - [26/08/21 22:05:01] (SIGNAL:00) [  PNL ] PROGRAM RESET                   
Press SPACE key to continue.                                                    
>ERRLOG                                                                         
   1 - [26/08/23 17:50:14 REPEAT mode] (SIGNAL:00)                              
       (E9431) [Cubic-S(1)] Failure in circuit for safety output(user  5) or in 
wiring. (code 15415D00 00000100)                                                
------------------------------------------------------------------------------  
   2 - [26/08/23 17:50:11 TEACH mode] (SIGNAL:00)                               
       (E1522) External error stop signal  1 has turned off.                    
------------------------------------------------------------------------------  
   3 - [26/08/21 23:07:00 REPEAT mode] (SIGNAL:00)                              
       (D1561) [Power sequence board]AC primary power OFF.                      
------------------------------------------------------------------------------  
   4 - [26/08/21 22:59:44 REPEAT mode] (SIGNAL:00)                              
       (E1522) External error stop signal  1 has turned off.                    
------------------------------------------------------------------------------  
   5 - [26/08/21 22:59:17 REPEAT mode] (SIGNAL:00)                              
       (E1522) External error stop signal  1 has turned off.                    
------------------------------------------------------------------------------  
   6 - [26/08/21 22:59:13 REPEAT mode] (SIGNAL:00)                              
       (E1522) External error stop signal  1 has turned off.                    
------------------------------------------------------------------------------  
   7 - [26/08/21 22:59:00 REPEAT mode] (SIGNAL:00)                              
       (E1522) External error stop signal  1 has turned off.                    
------------------------------------------------------------------------------  
   8 - [26/08/21 22:58:59 REPEAT mode] (SIGNAL:00)                              
Press SPACE key to continue.                                                    
       (E1522) External error stop signal  1 has turned off.                    
------------------------------------------------------------------------------  
   9 - [26/08/21 22:58:34 REPEAT mode] (SIGNAL:00)                              
       (E1522) External error stop signal  1 has turned off.                    
------------------------------------------------------------------------------  
  10 - [26/08/21 22:47:48 TEACH mode] (SIGNAL:00)                               
       (E1130) Jt 3 collision was detected.                                     
------------------------------------------------------------------------------  
  11 - [26/08/21 22:47:23 TEACH mode] (SIGNAL:00)                               
       (E1130) Jt 3 collision was detected.                                     
------------------------------------------------------------------------------  
  12 - [26/08/21 22:47:18 TEACH mode] (SIGNAL:00)                               
       (E1130) Jt 3 collision was detected.                                     
------------------------------------------------------------------------------  
  13 - [26/08/21 22:47:05 TEACH mode] (SIGNAL:00)                               
       (E1130) Jt 3 collision was detected.                                     
------------------------------------------------------------------------------  
  14 - [26/08/21 22:05:34 REPEAT mode] (SIGNAL:00)                              
       (E1088) Destination is out of motion range.                              
------------------------------------------------------------------------------  
  15 - [26/08/21 22:04:58 REPEAT mode] (SIGNAL:00)                              
       (E1088) Destination is out of motion range.                              
------------------------------------------------------------------------------  
Press SPACE key to continue.                                                    
  16 - [26/08/21 22:04:33 REPEAT mode] (SIGNAL:00)                              
       (E1088) Destination is out of motion range.                              
------------------------------------------------------------------------------  
  17 - [26/08/21 21:55:22 REPEAT mode] (SIGNAL:00)                              
       (E1522) External error stop signal  1 has turned off.                    
------------------------------------------------------------------------------  
  18 - [26/08/21 21:54:44 REPEAT mode] (SIGNAL:00)                              
       (E1522) External error stop signal  1 has turned off.                    
------------------------------------------------------------------------------  
  19 - [26/08/21 18:45:56 REPEAT mode] (SIGNAL:00)                              
       (E9431) [Cubic-S(1)] Failure in circuit for safety output(user  5) or in 
wiring. (code 15812700 00000100)                                                
------------------------------------------------------------------------------  
  20 - [26/08/21 18:45:55 REPEAT mode] (SIGNAL:00)                              
       (E1522) External error stop signal  1 has turned off.                    
------------------------------------------------------------------------------  
  21 - [26/08/21 18:27:40 REPEAT mode] (SIGNAL:00)                              
       (E9431) [Cubic-S(1)] Failure in circuit for safety output(user  5) or in 
wiring. (code 15419700 00000100)                                                
------------------------------------------------------------------------------  
  22 - [26/08/21 18:27:35 TEACH mode] (SIGNAL:00)                               
       (E1522) External error stop signal  1 has turned off.                    
------------------------------------------------------------------------------  
